Running 50 iteration extreme stress test...
Completed 10/50 iterations... Current Errors: 10
Completed 20/50 iterations... Current Errors: 20
Completed 30/50 iterations... Current Errors: 30
Completed 40/50 iterations... Current Errors: 40
Completed 50/50 iterations... Current Errors: 50

50-Iteration Extreme Stress Test complete. Total Errors: 50
